feature@org.eclipse.tml.common.feature=CVS,tag=Root_branch_dsdp_tml_official_0_1_0_R,cvsRoot=:pserver:anonymous@proxy.eclipse.org:80/cvsroot/dsdp,                   								path=org.eclipse.tml.device/features/org.eclipse.tml.common.feature,prebuilt=false
plugin@org.eclipse.tml.common.utilities=CVS,tag=Root_branch_dsdp_tml_official_0_1_0_R,cvsRoot=:pserver:anonymous@proxy.eclipse.org:80/cvsroot/dsdp,							path=org.eclipse.tml.device/plugins/org.eclipse.tml.common.utilities,prebuilt=false
feature@org.eclipse.tml.device.examples.feature=CVS,tag=Root_branch_dsdp_tml_official_0_1_0_R,cvsRoot=:pserver:anonymous@proxy.eclipse.org:80/cvsroot/dsdp,							path=org.eclipse.tml.device/features/org.eclipse.tml.device.examples.feature,prebuilt=false
feature@org.eclipse.tml.device.feature=CVS,tag=Root_branch_dsdp_tml_official_0_1_0_R,cvsRoot=:pserver:anonymous@proxy.eclipse.org:80/cvsroot/dsdp,							path=org.eclipse.tml.device/features/org.eclipse.tml.device.feature,prebuilt=false
plugin@org.eclipse.tml.device.qemu=CVS,tag=Root_branch_dsdp_tml_official_0_1_0_R,cvsRoot=:pserver:anonymous@proxy.eclipse.org:80/cvsroot/dsdp,						path=org.eclipse.tml.device/examples/org.eclipse.tml.device.qemu,prebuilt=false
plugin@org.eclipse.tml.device.qemuarm=CVS,tag=Root_branch_dsdp_tml_official_0_1_0_R,cvsRoot=:pserver:anonymous@proxy.eclipse.org:80/cvsroot/dsdp,							path=org.eclipse.tml.device/examples/org.eclipse.tml.device.qemuarm,prebuilt=false
plugin@org.eclipse.tml.device.qemureact=CVS,tag=Root_branch_dsdp_tml_official_0_1_0_R,cvsRoot=:pserver:anonymous@proxy.eclipse.org:80/cvsroot/dsdp,							path=org.eclipse.tml.device/examples/org.eclipse.tml.device.qemureact,prebuilt=false
feature@org.eclipse.tml.device.sdk.feature=CVS,tag=Root_branch_dsdp_tml_official_0_1_0_R,cvsRoot=:pserver:anonymous@proxy.eclipse.org:80/cvsroot/dsdp,								path=org.eclipse.tml.device/features/org.eclipse.tml.device.sdk.feature,prebuilt=false
plugin@org.eclipse.tml.echo=CVS,tag=Root_branch_dsdp_tml_official_0_1_0_R,cvsRoot=:pserver:anonymous@proxy.eclipse.org:80/cvsroot/dsdp,								path=org.eclipse.tml.vnc/examples/org.eclipse.tml.echo,prebuilt=false                                     
feature@org.eclipse.tml.feature=CVS,tag=Root_branch_dsdp_tml_official_0_1_0_R,cvsRoot=:pserver:anonymous@proxy.eclipse.org:80/cvsroot/dsdp,								path=org.eclipse.tml.device/features/org.eclipse.tml.feature,prebuilt=false                               
plugin@org.eclipse.tml.framework.device=CVS,tag=Root_branch_dsdp_tml_official_0_1_0_R,cvsRoot=:pserver:anonymous@proxy.eclipse.org:80/cvsroot/dsdp,								path=org.eclipse.tml.device/plugins/org.eclipse.tml.framework.device,prebuilt=false               
plugin@org.eclipse.tml.framework.device.sdk=CVS,tag=Root_branch_dsdp_tml_official_0_1_0_R,cvsRoot=:pserver:anonymous@proxy.eclipse.org:80/cvsroot/dsdp,								path=org.eclipse.tml.device/features/org.eclipse.tml.framework.device.sdk,prebuilt=false          
plugin@org.eclipse.tml.framework.device.ui=CVS,tag=Root_branch_dsdp_tml_official_0_1_0_R,cvsRoot=:pserver:anonymous@proxy.eclipse.org:80/cvsroot/dsdp,								path=org.eclipse.tml.device/plugins/org.eclipse.tml.framework.device.ui,prebuilt=false            
plugin@org.eclipse.tml.framework.device.wizard=CVS,tag=Root_branch_dsdp_tml_official_0_1_0_R,cvsRoot=:pserver:anonymous@proxy.eclipse.org:80/cvsroot/dsdp,								path=org.eclipse.tml.device/plugins/org.eclipse.tml.framework.device.wizard,prebuilt=false
plugin@org.eclipse.tml.protocol=CVS,tag=Root_branch_dsdp_tml_official_0_1_0_R,cvsRoot=:pserver:anonymous@proxy.eclipse.org:80/cvsroot/dsdp,								path=org.eclipse.tml.vnc/plugins/org.eclipse.tml.protocol,prebuilt=false                                  
feature@org.eclipse.tml.protocol.feature=CVS,tag=Root_branch_dsdp_tml_official_0_1_0_R,cvsRoot=:pserver:anonymous@proxy.eclipse.org:80/cvsroot/dsdp,								path=org.eclipse.tml.vnc/features/org.eclipse.tml.protocol.feature,prebuilt=false                 
feature@org.eclipse.tml.sdk.feature=CVS,tag=Root_branch_dsdp_tml_official_0_1_0_R,cvsRoot=:pserver:anonymous@proxy.eclipse.org:80/cvsroot/dsdp,								path=org.eclipse.tml.device/features/org.eclipse.tml.sdk.feature,prebuilt=false                           
plugin@org.eclipse.tml.service.start=CVS,tag=Root_branch_dsdp_tml_official_0_1_0_R,cvsRoot=:pserver:anonymous@proxy.eclipse.org:80/cvsroot/dsdp,								path=org.eclipse.tml.device/plugins/org.eclipse.tml.service.start,prebuilt=false                  
plugin@org.eclipse.tml.service.stop=CVS,tag=Root_branch_dsdp_tml_official_0_1_0_R,cvsRoot=:pserver:anonymous@proxy.eclipse.org:80/cvsroot/dsdp,								path=org.eclipse.tml.device/plugins/org.eclipse.tml.service.stop,prebuilt=false                           
plugin@org.eclipse.tml.service.vncviewer=CVS,tag=Root_branch_dsdp_tml_official_0_1_0_R,cvsRoot=:pserver:anonymous@proxy.eclipse.org:80/cvsroot/dsdp,								path=org.eclipse.tml.device/plugins/org.eclipse.tml.service.vncviewer,prebuilt=false              
plugin@org.eclipse.tml.site=CVS,tag=Root_branch_dsdp_tml_official_0_1_0_R,cvsRoot=:pserver:anonymous@proxy.eclipse.org:80/cvsroot/dsdp,								path=org.eclipse.tml.device/features/org.eclipse.tml.site,prebuilt=false                                   
feature@org.eclipse.tml.vnc.feature=CVS,tag=Root_branch_dsdp_tml_official_0_1_0_R,cvsRoot=:pserver:anonymous@proxy.eclipse.org:80/cvsroot/dsdp,								path=org.eclipse.tml.vnc/features/org.eclipse.tml.vnc.feature,prebuilt=false                              
feature@org.eclipse.tml.vnc.protocol.examples.feature=CVS,tag=Root_branch_dsdp_tml_official_0_1_0_R,cvsRoot=:pserver:anonymous@proxy.eclipse.org:80/cvsroot/dsdp,								path=org.eclipse.tml.vnc/features/org.eclipse.tml.vnc.protocol.examples.feature,prebuilt=false
feature@org.eclipse.tml.vnc.viewer.feature=CVS,tag=Root_branch_dsdp_tml_official_0_1_0_R,cvsRoot=:pserver:anonymous@proxy.eclipse.org:80/cvsroot/dsdp,								path=org.eclipse.tml.vnc/features/org.eclipse.tml.vnc.viewer.feature  ,prebuilt=false           
plugin@org.eclipse.tml.vncviewer=CVS,tag=Root_branch_dsdp_tml_official_0_1_0_R,cvsRoot=:pserver:anonymous@proxy.eclipse.org:80/cvsroot/dsdp,								path=org.eclipse.tml.vnc/plugins/org.eclipse.tml.vncviewer  ,prebuilt=false,prebuilt=false                             
plugin@org.eclipse.tml.vncviewer.vncviews=CVS,tag=Root_branch_dsdp_tml_official_0_1_0_R,cvsRoot=:pserver:anonymous@proxy.eclipse.org:80/cvsroot/dsdp,								path=org.eclipse.tml.vnc/plugins/org.eclipse.tml.vncviewer.vncviews              
